This file contains any messages produced by compilers while
running configure, to aid debugging if configure makes a mistake.

It was created by xplanet configure 1.3.0, which was
generated by GNU Autoconf 2.65.  Invocation command line was

  $ ./configure 

## --------- ##
## Platform. ##
## --------- ##

hostname = astrodev
uname -m = x86_64
uname -r = 6.18.7-arch1-1
uname -s = Linux
uname -v = #1 SMP PREEMPT_DYNAMIC Sat, 24 Jan 2026 00:47:39 +0000

/usr/bin/uname -p = unknown
/bin/uname -X     = unknown

/bin/arch              = unknown
/usr/bin/arch -k       = unknown
/usr/convex/getsysinfo = unknown
/usr/bin/hostinfo      = unknown
/bin/machine           = unknown
/usr/bin/oslevel       = unknown
/bin/universe          = unknown

PATH: /home/tim/Qt/6.10.2/gcc_64/bin/
PATH: /usr/local/sbin
PATH: /usr/local/bin
PATH: /usr/bin
PATH: /usr/bin/site_perl
PATH: /usr/bin/vendor_perl
PATH: /usr/bin/core_perl


## ----------- ##
## Core tests. ##
## ----------- ##

configure:2299: checking for a BSD-compatible install
configure:2367: result: /usr/bin/install -c
configure:2378: checking whether build environment is sane
configure:2428: result: yes
configure:2569: checking for a thread-safe mkdir -p
configure:2608: result: /usr/bin/mkdir -p
configure:2621: checking for gawk
configure:2637: found /usr/bin/gawk
configure:2648: result: gawk
configure:2659: checking whether make sets $(MAKE)
configure:2681: result: yes
configure:2813: checking for gcc
configure:2829: found /usr/bin/gcc
configure:2840: result: gcc
configure:3069: checking for C compiler version
configure:3078: gcc --version >&5
gcc (GCC) 15.2.1 20260103
Copyright (C) 2025 Free Software Foundation, Inc.
This is free software; see the source for copying conditions.  There is NO
warranty; not even for MERCHANTABILITY or FITNESS FOR A PARTICULAR PURPOSE.

configure:3089: $? = 0
configure:3078: gcc -v >&5
Using built-in specs.
COLLECT_GCC=gcc
COLLECT_LTO_WRAPPER=/usr/lib/gcc/x86_64-pc-linux-gnu/15.2.1/lto-wrapper
Target: x86_64-pc-linux-gnu
Configured with: /build/gcc/src/gcc/configure --enable-languages=ada,c,c++,d,fortran,go,lto,m2,objc,obj-c++,rust,cobol --enable-bootstrap --prefix=/usr --libdir=/usr/lib --libexecdir=/usr/lib --mandir=/usr/share/man --infodir=/usr/share/info --with-bugurl=https://gitlab.archlinux.org/archlinux/packaging/packages/gcc/-/issues --with-build-config=bootstrap-lto --with-linker-hash-style=gnu --with-system-zlib --enable-__cxa_atexit --enable-cet=auto --enable-checking=release --enable-clocale=gnu --enable-default-pie --enable-default-ssp --enable-gnu-indirect-function --enable-gnu-unique-object --enable-libstdcxx-backtrace --enable-link-serialization=1 --enable-linker-build-id --enable-lto --enable-multilib --enable-plugin --enable-shared --enable-threads=posix --disable-libssp --disable-libstdcxx-pch --disable-werror
Thread model: posix
Supported LTO compression algorithms: zlib zstd
gcc version 15.2.1 20260103 (GCC) 
configure:3089: $? = 0
configure:3078: gcc -V >&5
gcc: error: unrecognized command-line option '-V'
gcc: fatal error: no input files
compilation terminated.
configure:3089: $? = 1
configure:3078: gcc -qversion >&5
gcc: error: unrecognized command-line option '-qversion'; did you mean '--version'?
gcc: fatal error: no input files
compilation terminated.
configure:3089: $? = 1
configure:3109: checking whether the C compiler works
configure:3131: gcc    conftest.c  >&5
configure:3135: $? = 0
configure:3184: result: yes
configure:3187: checking for C compiler default output file name
configure:3189: result: a.out
configure:3195: checking for suffix of executables
configure:3202: gcc -o conftest    conftest.c  >&5
configure:3206: $? = 0
configure:3228: result: 
configure:3250: checking whether we are cross compiling
configure:3258: gcc -o conftest    conftest.c  >&5
configure:3262: $? = 0
configure:3269: ./conftest
configure:3273: $? = 0
configure:3288: result: no
configure:3293: checking for suffix of object files
configure:3315: gcc -c   conftest.c >&5
configure:3319: $? = 0
configure:3340: result: o
configure:3344: checking whether we are using the GNU C compiler
configure:3363: gcc -c   conftest.c >&5
configure:3363: $? = 0
configure:3372: result: yes
configure:3381: checking whether gcc accepts -g
configure:3401: gcc -c -g  conftest.c >&5
configure:3401: $? = 0
configure:3442: result: yes
configure:3459: checking for gcc option to accept ISO C89
configure:3523: gcc  -c -g -O2  conftest.c >&5
conftest.c: In function 'e':
conftest.c:18:14: warning: old-style function definition [-Wold-style-definition]
   18 | static char *e (p, i)
      |              ^
configure:3523: $? = 0
configure:3536: result: none needed
configure:3567: checking for style of include used by make
configure:3595: result: GNU
configure:3620: checking dependency style of gcc
configure:3730: result: gcc3
configure:3803: checking for g++
configure:3819: found /usr/bin/g++
configure:3830: result: g++
configure:3857: checking for C++ compiler version
configure:3866: g++ --version >&5
g++ (GCC) 15.2.1 20260103
Copyright (C) 2025 Free Software Foundation, Inc.
This is free software; see the source for copying conditions.  There is NO
warranty; not even for MERCHANTABILITY or FITNESS FOR A PARTICULAR PURPOSE.

configure:3877: $? = 0
configure:3866: g++ -v >&5
Using built-in specs.
COLLECT_GCC=g++
COLLECT_LTO_WRAPPER=/usr/lib/gcc/x86_64-pc-linux-gnu/15.2.1/lto-wrapper
Target: x86_64-pc-linux-gnu
Configured with: /build/gcc/src/gcc/configure --enable-languages=ada,c,c++,d,fortran,go,lto,m2,objc,obj-c++,rust,cobol --enable-bootstrap --prefix=/usr --libdir=/usr/lib --libexecdir=/usr/lib --mandir=/usr/share/man --infodir=/usr/share/info --with-bugurl=https://gitlab.archlinux.org/archlinux/packaging/packages/gcc/-/issues --with-build-config=bootstrap-lto --with-linker-hash-style=gnu --with-system-zlib --enable-__cxa_atexit --enable-cet=auto --enable-checking=release --enable-clocale=gnu --enable-default-pie --enable-default-ssp --enable-gnu-indirect-function --enable-gnu-unique-object --enable-libstdcxx-backtrace --enable-link-serialization=1 --enable-linker-build-id --enable-lto --enable-multilib --enable-plugin --enable-shared --enable-threads=posix --disable-libssp --disable-libstdcxx-pch --disable-werror
Thread model: posix
Supported LTO compression algorithms: zlib zstd
gcc version 15.2.1 20260103 (GCC) 
configure:3877: $? = 0
configure:3866: g++ -V >&5
g++: error: unrecognized command-line option '-V'
g++: fatal error: no input files
compilation terminated.
configure:3877: $? = 1
configure:3866: g++ -qversion >&5
g++: error: unrecognized command-line option '-qversion'; did you mean '--version'?
g++: fatal error: no input files
compilation terminated.
configure:3877: $? = 1
configure:3881: checking whether we are using the GNU C++ compiler
configure:3900: g++ -c   conftest.cpp >&5
configure:3900: $? = 0
configure:3909: result: yes
configure:3918: checking whether g++ accepts -g
configure:3938: g++ -c -g  conftest.cpp >&5
configure:3938: $? = 0
configure:3979: result: yes
configure:4004: checking dependency style of g++
configure:4114: result: gcc3
configure:4172: checking for ranlib
configure:4188: found /usr/bin/ranlib
configure:4199: result: ranlib
configure:4233: checking for perl
configure:4251: found /usr/bin/perl
configure:4264: result: /usr/bin/perl
configure:4289: checking build system type
configure:4303: result: x86_64-unknown-linux-gnu
configure:4323: checking host system type
configure:4336: result: x86_64-unknown-linux-gnu
configure:4395: checking how to run the C preprocessor
configure:4426: gcc -E  conftest.c
configure:4426: $? = 0
configure:4440: gcc -E  conftest.c
conftest.c:11:10: fatal error: ac_nonexistent.h: No such file or directory
   11 | #include <ac_nonexistent.h>
      |          ^~~~~~~~~~~~~~~~~~
compilation terminated.
configure:4440: $? = 1
configure: failed program was:
| /* confdefs.h */
| #define PACKAGE_NAME "xplanet"
| #define PACKAGE_TARNAME "xplanet"
| #define PACKAGE_VERSION "1.3.0"
| #define PACKAGE_STRING "xplanet 1.3.0"
| #define PACKAGE_BUGREPORT ""
| #define PACKAGE_URL ""
| #define PACKAGE "xplanet"
| #define VERSION "1.3.0"
| /* end confdefs.h.  */
| #include <ac_nonexistent.h>
configure:4465: result: gcc -E
configure:4485: gcc -E  conftest.c
configure:4485: $? = 0
configure:4499: gcc -E  conftest.c
conftest.c:11:10: fatal error: ac_nonexistent.h: No such file or directory
   11 | #include <ac_nonexistent.h>
      |          ^~~~~~~~~~~~~~~~~~
compilation terminated.
configure:4499: $? = 1
configure: failed program was:
| /* confdefs.h */
| #define PACKAGE_NAME "xplanet"
| #define PACKAGE_TARNAME "xplanet"
| #define PACKAGE_VERSION "1.3.0"
| #define PACKAGE_STRING "xplanet 1.3.0"
| #define PACKAGE_BUGREPORT ""
| #define PACKAGE_URL ""
| #define PACKAGE "xplanet"
| #define VERSION "1.3.0"
| /* end confdefs.h.  */
| #include <ac_nonexistent.h>
configure:4528: checking for X
configure:4636: gcc -E  conftest.c
configure:4636: $? = 0
configure:4667: gcc -o conftest -g -O2   conftest.c -lX11  >&5
configure:4667: $? = 0
configure:4717: result: libraries , headers 
configure:4821: gcc -o conftest -g -O2   conftest.c   -lX11 >&5
configure:4821: $? = 0
configure:4919: checking for gethostbyname
configure:4919: gcc -o conftest -g -O2   conftest.c  >&5
configure:4919: $? = 0
configure:4919: result: yes
configure:5016: checking for connect
configure:5016: gcc -o conftest -g -O2   conftest.c  >&5
configure:5016: $? = 0
configure:5016: result: yes
configure:5065: checking for remove
configure:5065: gcc -o conftest -g -O2   conftest.c  >&5
configure:5065: $? = 0
configure:5065: result: yes
configure:5114: checking for shmat
configure:5114: gcc -o conftest -g -O2   conftest.c  >&5
configure:5114: $? = 0
configure:5114: result: yes
configure:5172: checking for IceConnectionNumber in -lICE
configure:5197: gcc -o conftest -g -O2   conftest.c -lICE   >&5
configure:5197: $? = 0
configure:5206: result: yes
configure:5218: checking for XOpenDisplay in -lX11
configure:5243: gcc -o conftest -g -O2   conftest.c -lX11   >&5
configure:5243: $? = 0
configure:5252: result: yes
configure:5273: checking for grep that handles long lines and -e
configure:5331: result: /usr/bin/grep
configure:5336: checking for egrep
configure:5398: result: /usr/bin/grep -E
configure:5403: checking for ANSI C header files
configure:5423: gcc -c -g -O2   conftest.c >&5
configure:5423: $? = 0
configure:5496: gcc -o conftest -g -O2    conftest.c  -lX11  >&5
configure:5496: $? = 0
configure:5496: ./conftest
configure:5496: $? = 0
configure:5507: result: yes
configure:5520: checking for sys/types.h
configure:5520: gcc -c -g -O2   conftest.c >&5
configure:5520: $? = 0
configure:5520: result: yes
configure:5520: checking for sys/stat.h
configure:5520: gcc -c -g -O2   conftest.c >&5
configure:5520: $? = 0
configure:5520: result: yes
configure:5520: checking for stdlib.h
configure:5520: gcc -c -g -O2   conftest.c >&5
configure:5520: $? = 0
configure:5520: result: yes
configure:5520: checking for string.h
configure:5520: gcc -c -g -O2   conftest.c >&5
configure:5520: $? = 0
configure:5520: result: yes
configure:5520: checking for memory.h
configure:5520: gcc -c -g -O2   conftest.c >&5
configure:5520: $? = 0
configure:5520: result: yes
configure:5520: checking for strings.h
configure:5520: gcc -c -g -O2   conftest.c >&5
configure:5520: $? = 0
configure:5520: result: yes
configure:5520: checking for inttypes.h
configure:5520: gcc -c -g -O2   conftest.c >&5
configure:5520: $? = 0
configure:5520: result: yes
configure:5520: checking for stdint.h
configure:5520: gcc -c -g -O2   conftest.c >&5
configure:5520: $? = 0
configure:5520: result: yes
configure:5520: checking for unistd.h
configure:5520: gcc -c -g -O2   conftest.c >&5
configure:5520: $? = 0
configure:5520: result: yes
configure:5546: checking X11/Xlib.h usability
configure:5546: gcc -c -g -O2   conftest.c >&5
configure:5546: $? = 0
configure:5546: result: yes
configure:5546: checking X11/Xlib.h presence
configure:5546: gcc -E   conftest.c
configure:5546: $? = 0
configure:5546: result: yes
configure:5546: checking for X11/Xlib.h
configure:5546: result: yes
configure:5558: checking for X11/extensions/scrnsaver.h
configure:5558: gcc -c -g -O2   conftest.c >&5
configure:5558: $? = 0
configure:5558: result: yes
configure:5573: checking for XScreenSaverRegister in -lXext
configure:5598: gcc -o conftest -g -O2    conftest.c -lXext -lX11 -lm  -lX11  >&5
/usr/bin/ld: /tmp/ccbQVLV7.o: in function `main':
/home/tim/Dev/C++/Astro/xplanet/xplanet-1.3.0/conftest.c:35:(.text.startup+0x5): undefined reference to `XScreenSaverRegister'
collect2: error: ld returned 1 exit status
configure:5598: $? = 1
configure: failed program was:
| /* confdefs.h */
| #define PACKAGE_NAME "xplanet"
| #define PACKAGE_TARNAME "xplanet"
| #define PACKAGE_VERSION "1.3.0"
| #define PACKAGE_STRING "xplanet 1.3.0"
| #define PACKAGE_BUGREPORT ""
| #define PACKAGE_URL ""
| #define PACKAGE "xplanet"
| #define VERSION "1.3.0"
| #define HAVE_LIBX11 /**/
| #define STDC_HEADERS 1
| #define HAVE_SYS_TYPES_H 1
| #define HAVE_SYS_STAT_H 1
| #define HAVE_STDLIB_H 1
| #define HAVE_STRING_H 1
| #define HAVE_MEMORY_H 1
| #define HAVE_STRINGS_H 1
| #define HAVE_INTTYPES_H 1
| #define HAVE_STDINT_H 1
| #define HAVE_UNISTD_H 1
| #define HAVE_X11_XLIB_H 1
| #define HAVE_X11_EXTENSIONS_SCRNSAVER_H 1
| /* end confdefs.h.  */
| 
| /* Override any GCC internal prototype to avoid an error.
|    Use char because int might match the return type of a GCC
|    builtin and then its argument prototype would still apply.  */
| #ifdef __cplusplus
| extern "C"
| #endif
| char XScreenSaverRegister ();
| int
| main ()
| {
| return XScreenSaverRegister ();
|   ;
|   return 0;
| }
configure:5607: result: no
configure:5616: checking for XScreenSaverRegister in -lXss
configure:5641: gcc -o conftest -g -O2    conftest.c -lXss  -lX11 -lX11 -lXext -lm  -lX11  >&5
configure:5641: $? = 0
configure:5650: result: yes
configure:5682: checking for freetype-config
configure:5713: result: no
configure:5722: WARNING: *** Xplanet will be built without freetype support ***
configure:5785: checking for pkg-config
configure:5803: found /usr/bin/pkg-config
configure:5815: result: /usr/bin/pkg-config
configure:5840: checking pkg-config is at least version 0.9.0
configure:5843: result: yes
configure:5864: checking for pkg-config
configure:5895: result: /usr/bin/pkg-config
configure:5909: checking for PANGOFT2
configure:5917: $PKG_CONFIG --exists --print-errors "pangoft2 >= 1.2.0"
configure:5920: $? = 0
configure:5935: $PKG_CONFIG --exists --print-errors "pangoft2 >= 1.2.0"
configure:5938: $? = 0
configure:5974: result: yes
configure:6034: checking gif_lib.h usability
configure:6034: gcc -c -g -O2   conftest.c >&5
configure:6034: $? = 0
configure:6034: result: yes
configure:6034: checking gif_lib.h presence
configure:6034: gcc -E   conftest.c
configure:6034: $? = 0
configure:6034: result: yes
configure:6034: checking for gif_lib.h
configure:6034: result: yes
configure:6044: checking for DGifOpenFileName in -lgif
configure:6069: gcc -o conftest -g -O2    conftest.c -lgif  -lX11  -lX11  >&5
configure:6069: $? = 0
configure:6078: result: yes
configure:6165: checking jpeglib.h usability
configure:6165: gcc -c -g -O2   conftest.c >&5
configure:6165: $? = 0
configure:6165: result: yes
configure:6165: checking jpeglib.h presence
configure:6165: gcc -E   conftest.c
configure:6165: $? = 0
configure:6165: result: yes
configure:6165: checking for jpeglib.h
configure:6165: result: yes
configure:6175: checking for jpeg_read_header in -ljpeg
configure:6200: gcc -o conftest -g -O2    conftest.c -ljpeg   -lX11  >&5
configure:6200: $? = 0
configure:6209: result: yes
configure:6244: checking png.h usability
configure:6244: gcc -c -g -O2   conftest.c >&5
configure:6244: $? = 0
configure:6244: result: yes
configure:6244: checking png.h presence
configure:6244: gcc -E   conftest.c
configure:6244: $? = 0
configure:6244: result: yes
configure:6244: checking for png.h
configure:6244: result: yes
configure:6254: checking for png_create_read_struct in -lpng
configure:6279: gcc -o conftest -g -O2    conftest.c -lpng -lm -lz  -lX11  >&5
configure:6279: $? = 0
configure:6288: result: yes
configure:6323: checking pnm.h usability
configure:6323: gcc -c -g -O2   conftest.c >&5
conftest.c:62:10: fatal error: pnm.h: No such file or directory
   62 | #include <pnm.h>
      |          ^~~~~~~
compilation terminated.
configure:6323: $? = 1
configure: failed program was:
| /* confdefs.h */
| #define PACKAGE_NAME "xplanet"
| #define PACKAGE_TARNAME "xplanet"
| #define PACKAGE_VERSION "1.3.0"
| #define PACKAGE_STRING "xplanet 1.3.0"
| #define PACKAGE_BUGREPORT ""
| #define PACKAGE_URL ""
| #define PACKAGE "xplanet"
| #define VERSION "1.3.0"
| #define HAVE_LIBX11 /**/
| #define STDC_HEADERS 1
| #define HAVE_SYS_TYPES_H 1
| #define HAVE_SYS_STAT_H 1
| #define HAVE_STDLIB_H 1
| #define HAVE_STRING_H 1
| #define HAVE_MEMORY_H 1
| #define HAVE_STRINGS_H 1
| #define HAVE_INTTYPES_H 1
| #define HAVE_STDINT_H 1
| #define HAVE_UNISTD_H 1
| #define HAVE_X11_XLIB_H 1
| #define HAVE_X11_EXTENSIONS_SCRNSAVER_H 1
| #define HAVE_XSS /**/
| #define HAVE_LIBPANGOFT2 /**/
| #define HAVE_LIBGIF /**/
| #define HAVE_LIBJPEG /**/
| #define HAVE_LIBPNG /**/
| /* end confdefs.h.  */
| #include <stdio.h>
| #ifdef HAVE_SYS_TYPES_H
| # include <sys/types.h>
| #endif
| #ifdef HAVE_SYS_STAT_H
| # include <sys/stat.h>
| #endif
| #ifdef STDC_HEADERS
| # include <stdlib.h>
| # include <stddef.h>
| #else
| # ifdef HAVE_STDLIB_H
| #  include <stdlib.h>
| # endif
| #endif
| #ifdef HAVE_STRING_H
| # if !defined STDC_HEADERS && defined HAVE_MEMORY_H
| #  include <memory.h>
| # endif
| # include <string.h>
| #endif
| #ifdef HAVE_STRINGS_H
| # include <strings.h>
| #endif
| #ifdef HAVE_INTTYPES_H
| # include <inttypes.h>
| #endif
| #ifdef HAVE_STDINT_H
| # include <stdint.h>
| #endif
| #ifdef HAVE_UNISTD_H
| # include <unistd.h>
| #endif
| #include <pnm.h>
configure:6323: result: no
configure:6323: checking pnm.h presence
configure:6323: gcc -E   conftest.c
conftest.c:29:10: fatal error: pnm.h: No such file or directory
   29 | #include <pnm.h>
      |          ^~~~~~~
compilation terminated.
configure:6323: $? = 1
configure: failed program was:
| /* confdefs.h */
| #define PACKAGE_NAME "xplanet"
| #define PACKAGE_TARNAME "xplanet"
| #define PACKAGE_VERSION "1.3.0"
| #define PACKAGE_STRING "xplanet 1.3.0"
| #define PACKAGE_BUGREPORT ""
| #define PACKAGE_URL ""
| #define PACKAGE "xplanet"
| #define VERSION "1.3.0"
| #define HAVE_LIBX11 /**/
| #define STDC_HEADERS 1
| #define HAVE_SYS_TYPES_H 1
| #define HAVE_SYS_STAT_H 1
| #define HAVE_STDLIB_H 1
| #define HAVE_STRING_H 1
| #define HAVE_MEMORY_H 1
| #define HAVE_STRINGS_H 1
| #define HAVE_INTTYPES_H 1
| #define HAVE_STDINT_H 1
| #define HAVE_UNISTD_H 1
| #define HAVE_X11_XLIB_H 1
| #define HAVE_X11_EXTENSIONS_SCRNSAVER_H 1
| #define HAVE_XSS /**/
| #define HAVE_LIBPANGOFT2 /**/
| #define HAVE_LIBGIF /**/
| #define HAVE_LIBJPEG /**/
| #define HAVE_LIBPNG /**/
| /* end confdefs.h.  */
| #include <pnm.h>
configure:6323: result: no
configure:6323: checking for pnm.h
configure:6323: result: no
configure:6434: WARNING: *** Native PNM support will not be included ***
configure:6452: checking tiff.h usability
configure:6452: gcc -c -g -O2   conftest.c >&5
configure:6452: $? = 0
configure:6452: result: yes
configure:6452: checking tiff.h presence
configure:6452: gcc -E   conftest.c
configure:6452: $? = 0
configure:6452: result: yes
configure:6452: checking for tiff.h
configure:6452: result: yes
configure:6460: checking tiffio.h usability
configure:6460: gcc -c -g -O2   conftest.c >&5
configure:6460: $? = 0
configure:6460: result: yes
configure:6460: checking tiffio.h presence
configure:6460: gcc -E   conftest.c
configure:6460: $? = 0
configure:6460: result: yes
configure:6460: checking for tiffio.h
configure:6460: result: yes
configure:6470: checking for _TIFFmalloc in -ltiff
configure:6495: gcc -o conftest -g -O2    conftest.c -ltiff -lm  -lX11  >&5
configure:6495: $? = 0
configure:6504: result: yes
configure:6542: checking SpiceUsr.h usability
configure:6542: gcc -c -g -O2   conftest.c >&5
conftest.c:63:10: fatal error: SpiceUsr.h: No such file or directory
   63 | #include <SpiceUsr.h>
      |          ^~~~~~~~~~~~
compilation terminated.
configure:6542: $? = 1
configure: failed program was:
| /* confdefs.h */
| #define PACKAGE_NAME "xplanet"
| #define PACKAGE_TARNAME "xplanet"
| #define PACKAGE_VERSION "1.3.0"
| #define PACKAGE_STRING "xplanet 1.3.0"
| #define PACKAGE_BUGREPORT ""
| #define PACKAGE_URL ""
| #define PACKAGE "xplanet"
| #define VERSION "1.3.0"
| #define HAVE_LIBX11 /**/
| #define STDC_HEADERS 1
| #define HAVE_SYS_TYPES_H 1
| #define HAVE_SYS_STAT_H 1
| #define HAVE_STDLIB_H 1
| #define HAVE_STRING_H 1
| #define HAVE_MEMORY_H 1
| #define HAVE_STRINGS_H 1
| #define HAVE_INTTYPES_H 1
| #define HAVE_STDINT_H 1
| #define HAVE_UNISTD_H 1
| #define HAVE_X11_XLIB_H 1
| #define HAVE_X11_EXTENSIONS_SCRNSAVER_H 1
| #define HAVE_XSS /**/
| #define HAVE_LIBPANGOFT2 /**/
| #define HAVE_LIBGIF /**/
| #define HAVE_LIBJPEG /**/
| #define HAVE_LIBPNG /**/
| #define HAVE_LIBTIFF /**/
| /* end confdefs.h.  */
| #include <stdio.h>
| #ifdef HAVE_SYS_TYPES_H
| # include <sys/types.h>
| #endif
| #ifdef HAVE_SYS_STAT_H
| # include <sys/stat.h>
| #endif
| #ifdef STDC_HEADERS
| # include <stdlib.h>
| # include <stddef.h>
| #else
| # ifdef HAVE_STDLIB_H
| #  include <stdlib.h>
| # endif
| #endif
| #ifdef HAVE_STRING_H
| # if !defined STDC_HEADERS && defined HAVE_MEMORY_H
| #  include <memory.h>
| # endif
| # include <string.h>
| #endif
| #ifdef HAVE_STRINGS_H
| # include <strings.h>
| #endif
| #ifdef HAVE_INTTYPES_H
| # include <inttypes.h>
| #endif
| #ifdef HAVE_STDINT_H
| # include <stdint.h>
| #endif
| #ifdef HAVE_UNISTD_H
| # include <unistd.h>
| #endif
| #include <SpiceUsr.h>
configure:6542: result: no
configure:6542: checking SpiceUsr.h presence
configure:6542: gcc -E   conftest.c
conftest.c:30:10: fatal error: SpiceUsr.h: No such file or directory
   30 | #include <SpiceUsr.h>
      |          ^~~~~~~~~~~~
compilation terminated.
configure:6542: $? = 1
configure: failed program was:
| /* confdefs.h */
| #define PACKAGE_NAME "xplanet"
| #define PACKAGE_TARNAME "xplanet"
| #define PACKAGE_VERSION "1.3.0"
| #define PACKAGE_STRING "xplanet 1.3.0"
| #define PACKAGE_BUGREPORT ""
| #define PACKAGE_URL ""
| #define PACKAGE "xplanet"
| #define VERSION "1.3.0"
| #define HAVE_LIBX11 /**/
| #define STDC_HEADERS 1
| #define HAVE_SYS_TYPES_H 1
| #define HAVE_SYS_STAT_H 1
| #define HAVE_STDLIB_H 1
| #define HAVE_STRING_H 1
| #define HAVE_MEMORY_H 1
| #define HAVE_STRINGS_H 1
| #define HAVE_INTTYPES_H 1
| #define HAVE_STDINT_H 1
| #define HAVE_UNISTD_H 1
| #define HAVE_X11_XLIB_H 1
| #define HAVE_X11_EXTENSIONS_SCRNSAVER_H 1
| #define HAVE_XSS /**/
| #define HAVE_LIBPANGOFT2 /**/
| #define HAVE_LIBGIF /**/
| #define HAVE_LIBJPEG /**/
| #define HAVE_LIBPNG /**/
| #define HAVE_LIBTIFF /**/
| /* end confdefs.h.  */
| #include <SpiceUsr.h>
configure:6542: result: no
configure:6542: checking for SpiceUsr.h
configure:6542: result: no
configure:6605: WARNING: *** Xplanet will be built without SPICE support ***
configure:7040: checking for iconv
configure:7062: gcc -o conftest -g -O2    conftest.c  -lX11  >&5
configure:7062: $? = 0
configure:7094: result: yes
configure:7115: checking for iconv declaration
configure:7144: gcc -c -g -O2   conftest.c >&5
configure:7144: $? = 0
configure:7154: result: install-shextern size_t iconv (iconv_t cd, char * *inbuf, size_t *inbytesleft, char * *outbuf, size_t *outbytesleft);
configure:7173: checking localcharset.h usability
configure:7173: gcc -c -g -O2   conftest.c >&5
conftest.c:65:10: fatal error: localcharset.h: No such file or directory
   65 | #include <localcharset.h>
      |          ^~~~~~~~~~~~~~~~
compilation terminated.
configure:7173: $? = 1
configure: failed program was:
| /* confdefs.h */
| #define PACKAGE_NAME "xplanet"
| #define PACKAGE_TARNAME "xplanet"
| #define PACKAGE_VERSION "1.3.0"
| #define PACKAGE_STRING "xplanet 1.3.0"
| #define PACKAGE_BUGREPORT ""
| #define PACKAGE_URL ""
| #define PACKAGE "xplanet"
| #define VERSION "1.3.0"
| #define HAVE_LIBX11 /**/
| #define STDC_HEADERS 1
| #define HAVE_SYS_TYPES_H 1
| #define HAVE_SYS_STAT_H 1
| #define HAVE_STDLIB_H 1
| #define HAVE_STRING_H 1
| #define HAVE_MEMORY_H 1
| #define HAVE_STRINGS_H 1
| #define HAVE_INTTYPES_H 1
| #define HAVE_STDINT_H 1
| #define HAVE_UNISTD_H 1
| #define HAVE_X11_XLIB_H 1
| #define HAVE_X11_EXTENSIONS_SCRNSAVER_H 1
| #define HAVE_XSS /**/
| #define HAVE_LIBPANGOFT2 /**/
| #define HAVE_LIBGIF /**/
| #define HAVE_LIBJPEG /**/
| #define HAVE_LIBPNG /**/
| #define HAVE_LIBTIFF /**/
| #define HAVE_ICONV 1
| #define ICONV_CONST 
| /* end confdefs.h.  */
| #include <stdio.h>
| #ifdef HAVE_SYS_TYPES_H
| # include <sys/types.h>
| #endif
| #ifdef HAVE_SYS_STAT_H
| # include <sys/stat.h>
| #endif
| #ifdef STDC_HEADERS
| # include <stdlib.h>
| # include <stddef.h>
| #else
| # ifdef HAVE_STDLIB_H
| #  include <stdlib.h>
| # endif
| #endif
| #ifdef HAVE_STRING_H
| # if !defined STDC_HEADERS && defined HAVE_MEMORY_H
| #  include <memory.h>
| # endif
| # include <string.h>
| #endif
| #ifdef HAVE_STRINGS_H
| # include <strings.h>
| #endif
| #ifdef HAVE_INTTYPES_H
| # include <inttypes.h>
| #endif
| #ifdef HAVE_STDINT_H
| # include <stdint.h>
| #endif
| #ifdef HAVE_UNISTD_H
| # include <unistd.h>
| #endif
| #include <localcharset.h>
configure:7173: result: no
configure:7173: checking localcharset.h presence
configure:7173: gcc -E   conftest.c
conftest.c:32:10: fatal error: localcharset.h: No such file or directory
   32 | #include <localcharset.h>
      |          ^~~~~~~~~~~~~~~~
compilation terminated.
configure:7173: $? = 1
configure: failed program was:
| /* confdefs.h */
| #define PACKAGE_NAME "xplanet"
| #define PACKAGE_TARNAME "xplanet"
| #define PACKAGE_VERSION "1.3.0"
| #define PACKAGE_STRING "xplanet 1.3.0"
| #define PACKAGE_BUGREPORT ""
| #define PACKAGE_URL ""
| #define PACKAGE "xplanet"
| #define VERSION "1.3.0"
| #define HAVE_LIBX11 /**/
| #define STDC_HEADERS 1
| #define HAVE_SYS_TYPES_H 1
| #define HAVE_SYS_STAT_H 1
| #define HAVE_STDLIB_H 1
| #define HAVE_STRING_H 1
| #define HAVE_MEMORY_H 1
| #define HAVE_STRINGS_H 1
| #define HAVE_INTTYPES_H 1
| #define HAVE_STDINT_H 1
| #define HAVE_UNISTD_H 1
| #define HAVE_X11_XLIB_H 1
| #define HAVE_X11_EXTENSIONS_SCRNSAVER_H 1
| #define HAVE_XSS /**/
| #define HAVE_LIBPANGOFT2 /**/
| #define HAVE_LIBGIF /**/
| #define HAVE_LIBJPEG /**/
| #define HAVE_LIBPNG /**/
| #define HAVE_LIBTIFF /**/
| #define HAVE_ICONV 1
| #define ICONV_CONST 
| /* end confdefs.h.  */
| #include <localcharset.h>
configure:7173: result: no
configure:7173: checking for localcharset.h
configure:7173: result: no
configure:7235: checking langinfo.h usability
configure:7235: gcc -c -g -O2   conftest.c >&5
configure:7235: $? = 0
configure:7235: result: yes
configure:7235: checking langinfo.h presence
configure:7235: gcc -E   conftest.c
configure:7235: $? = 0
configure:7235: result: yes
configure:7235: checking for langinfo.h
configure:7235: result: yes
configure:7368: checking for unsetenv
configure:7368: gcc -o conftest -g -O2    conftest.c  -lX11  >&5
configure:7368: $? = 0
configure:7368: result: yes
configure:7379: checking for timegm
configure:7379: gcc -o conftest -g -O2    conftest.c  -lX11  >&5
configure:7379: $? = 0
configure:7379: result: yes
configure:7566: creating ./config.status

## ---------------------- ##
## Running config.status. ##
## ---------------------- ##

This file was extended by xplanet config.status 1.3.0, which was
generated by GNU Autoconf 2.65.  Invocation command line was

  CONFIG_FILES    = 
  CONFIG_HEADERS  = 
  CONFIG_LINKS    = 
  CONFIG_COMMANDS = 
  $ ./config.status 

on astrodev

config.status:945: creating xpDefines.h
config.status:945: creating Makefile
config.status:945: creating src/Makefile
config.status:945: creating src/libannotate/Makefile
config.status:945: creating src/libdisplay/Makefile
config.status:945: creating src/libephemeris/Makefile
config.status:945: creating src/libephemeris/libmoons/Makefile
config.status:945: creating src/libimage/Makefile
config.status:945: creating src/libmultiple/Makefile
config.status:945: creating src/libplanet/Makefile
config.status:945: creating src/libprojection/Makefile
config.status:945: creating src/libsgp4sdp4/Makefile
config.status:945: creating config.h
config.status:1117: config.h is unchanged
config.status:1165: executing depfiles commands

## ---------------- ##
## Cache variables. ##
## ---------------- ##

ac_cv_build=x86_64-unknown-linux-gnu
ac_cv_c_compiler_gnu=yes
ac_cv_cxx_compiler_gnu=yes
ac_cv_env_CCC_set=
ac_cv_env_CCC_value=
ac_cv_env_CC_set=
ac_cv_env_CC_value=
ac_cv_env_CFLAGS_set=
ac_cv_env_CFLAGS_value=
ac_cv_env_CPPFLAGS_set=
ac_cv_env_CPPFLAGS_value=
ac_cv_env_CPP_set=
ac_cv_env_CPP_value=
ac_cv_env_CXXFLAGS_set=
ac_cv_env_CXXFLAGS_value=
ac_cv_env_CXX_set=
ac_cv_env_CXX_value=
ac_cv_env_LDFLAGS_set=
ac_cv_env_LDFLAGS_value=
ac_cv_env_LIBS_set=
ac_cv_env_LIBS_value=
ac_cv_env_PANGOFT2_CFLAGS_set=
ac_cv_env_PANGOFT2_CFLAGS_value=
ac_cv_env_PANGOFT2_LIBS_set=
ac_cv_env_PANGOFT2_LIBS_value=
ac_cv_env_PKG_CONFIG_set=
ac_cv_env_PKG_CONFIG_value=
ac_cv_env_XMKMF_set=
ac_cv_env_XMKMF_value=
ac_cv_env_build_alias_set=
ac_cv_env_build_alias_value=
ac_cv_env_host_alias_set=
ac_cv_env_host_alias_value=
ac_cv_env_target_alias_set=
ac_cv_env_target_alias_value=
ac_cv_func_connect=yes
ac_cv_func_gethostbyname=yes
ac_cv_func_remove=yes
ac_cv_func_shmat=yes
ac_cv_func_timegm=yes
ac_cv_func_unsetenv=yes
ac_cv_have_x='have_x=yes	ac_x_includes='\'''\''	ac_x_libraries='\'''\'''
ac_cv_header_SpiceUsr_h=no
ac_cv_header_X11_Xlib_h=yes
ac_cv_header_X11_extensions_scrnsaver_h=yes
ac_cv_header_gif_lib_h=yes
ac_cv_header_inttypes_h=yes
ac_cv_header_jpeglib_h=yes
ac_cv_header_langinfo_h=yes
ac_cv_header_localcharset_h=no
ac_cv_header_memory_h=yes
ac_cv_header_png_h=yes
ac_cv_header_pnm_h=no
ac_cv_header_stdc=yes
ac_cv_header_stdint_h=yes
ac_cv_header_stdlib_h=yes
ac_cv_header_string_h=yes
ac_cv_header_strings_h=yes
ac_cv_header_sys_stat_h=yes
ac_cv_header_sys_types_h=yes
ac_cv_header_tiff_h=yes
ac_cv_header_tiffio_h=yes
ac_cv_header_unistd_h=yes
ac_cv_host=x86_64-unknown-linux-gnu
ac_cv_lib_ICE_IceConnectionNumber=yes
ac_cv_lib_X11_XOpenDisplay=yes
ac_cv_lib_Xext_XScreenSaverRegister=no
ac_cv_lib_Xss_XScreenSaverRegister=yes
ac_cv_lib_gif_DGifOpenFileName=yes
ac_cv_lib_jpeg_jpeg_read_header=yes
ac_cv_lib_png_png_create_read_struct=yes
ac_cv_lib_tiff__TIFFmalloc=yes
ac_cv_objext=o
ac_cv_path_EGREP='/usr/bin/grep -E'
ac_cv_path_FREETYPE_CONFIG=no
ac_cv_path_GREP=/usr/bin/grep
ac_cv_path_PERL=/usr/bin/perl
ac_cv_path_PKG_CONFIG=/usr/bin/pkg-config
ac_cv_path_ac_pt_PKG_CONFIG=/usr/bin/pkg-config
ac_cv_path_install='/usr/bin/install -c'
ac_cv_path_mkdir=/usr/bin/mkdir
ac_cv_prog_AWK=gawk
ac_cv_prog_CPP='gcc -E'
ac_cv_prog_ac_ct_CC=gcc
ac_cv_prog_ac_ct_CXX=g++
ac_cv_prog_ac_ct_RANLIB=ranlib
ac_cv_prog_cc_c89=
ac_cv_prog_cc_g=yes
ac_cv_prog_cxx_g=yes
ac_cv_prog_make_make_set=yes
am_cv_CC_dependencies_compiler_type=gcc3
am_cv_CXX_dependencies_compiler_type=gcc3
am_cv_func_iconv=yes
am_cv_lib_iconv=no
am_cv_proto_iconv='extern size_t iconv (iconv_t cd, char * *inbuf, size_t *inbytesleft, char * *outbuf, size_t *outbytesleft);'
am_cv_proto_iconv_arg1=
pkg_cv_PANGOFT2_CFLAGS='-I/usr/include/pango-1.0 -I/usr/include/libmount -I/usr/include/blkid -I/usr/include/fribidi -I/usr/include/cairo -I/usr/include/pixman-1 -I/usr/include/harfbuzz -I/usr/include/freetype2 -I/usr/include/libpng16 -I/usr/include/glib-2.0 -I/usr/lib/glib-2.0/include -I/usr/include/sysprof-6 -pthread'
pkg_cv_PANGOFT2_LIBS='-lpangoft2-1.0 -lpango-1.0 -lfontconfig -lharfbuzz -lfreetype -lgobject-2.0 -lglib-2.0'

## ----------------- ##
## Output variables. ##
## ----------------- ##

ACLOCAL='${SHELL} /home/tim/Dev/C++/Astro/xplanet/xplanet-1.3.0/missing --run aclocal-1.11'
AMDEPBACKSLASH='\'
AMDEP_FALSE='#'
AMDEP_TRUE=''
AMTAR='${SHELL} /home/tim/Dev/C++/Astro/xplanet/xplanet-1.3.0/missing --run tar'
AQUA_LIBS=''
AUTOCONF='${SHELL} /home/tim/Dev/C++/Astro/xplanet/xplanet-1.3.0/missing --run autoconf'
AUTOHEADER='${SHELL} /home/tim/Dev/C++/Astro/xplanet/xplanet-1.3.0/missing --run autoheader'
AUTOMAKE='${SHELL} /home/tim/Dev/C++/Astro/xplanet/xplanet-1.3.0/missing --run automake-1.11'
AWK='gawk'
CC='gcc'
CCDEPMODE='depmode=gcc3'
CFLAGS='-g -O2'
CPP='gcc -E'
CPPFLAGS=' '
CSPICE_LIBS=''
CXX='g++'
CXXDEPMODE='depmode=gcc3'
CXXFLAGS='-g -O2'
CYGPATH_W='echo'
DEFS='-DHAVE_CONFIG_H'
DEPDIR='.deps'
ECHO_C=''
ECHO_N='-n'
ECHO_T=''
EGREP='/usr/bin/grep -E'
EXEEXT=''
FREETYPE_CFLAGS=' -I/usr/include/pango-1.0 -I/usr/include/libmount -I/usr/include/blkid -I/usr/include/fribidi -I/usr/include/cairo -I/usr/include/pixman-1 -I/usr/include/harfbuzz -I/usr/include/freetype2 -I/usr/include/libpng16 -I/usr/include/glib-2.0 -I/usr/lib/glib-2.0/include -I/usr/include/sysprof-6 -pthread'
FREETYPE_CONFIG='no'
FREETYPE_LIBS=' -lpangoft2-1.0 -lpango-1.0 -lfontconfig -lharfbuzz -lfreetype -lgobject-2.0 -lglib-2.0'
GRAPHICS_LIBS=' -lgif  -lX11 -ljpeg -lpng -lm -lz -ltiff -lm'
GREP='/usr/bin/grep'
HAVE_AQUA_FALSE=''
HAVE_AQUA_TRUE='#'
HAVE_CSPICE_FALSE=''
HAVE_CSPICE_TRUE='#'
HAVE_CYGWIN_FALSE=''
HAVE_CYGWIN_TRUE='#'
HAVE_LIBFREETYPE_FALSE=''
HAVE_LIBFREETYPE_TRUE='#'
HAVE_LIBGIF_FALSE='#'
HAVE_LIBGIF_TRUE=''
HAVE_LIBJPEG_FALSE='#'
HAVE_LIBJPEG_TRUE=''
HAVE_LIBPANGOFT2_FALSE='#'
HAVE_LIBPANGOFT2_TRUE=''
HAVE_LIBPNG_FALSE='#'
HAVE_LIBPNG_TRUE=''
HAVE_LIBPNM_FALSE=''
HAVE_LIBPNM_TRUE='#'
HAVE_LIBTIFF_FALSE='#'
HAVE_LIBTIFF_TRUE=''
HAVE_LIBX11_FALSE='#'
HAVE_LIBX11_TRUE=''
INSTALL_DATA='${INSTALL} -m 644'
INSTALL_PROGRAM='${INSTALL}'
INSTALL_SCRIPT='${INSTALL}'
INSTALL_STRIP_PROGRAM='$(install_sh) -c -s'
LDFLAGS=''
LIBCHARSET=''
LIBICONV=''
LIBOBJS=''
LIBS=' -lX11 '
LTLIBICONV=''
LTLIBOBJS=''
MAKEINFO='${SHELL} /home/tim/Dev/C++/Astro/xplanet/xplanet-1.3.0/missing --run makeinfo'
MKDIR_P='/usr/bin/mkdir -p'
OBJC=''
OBJCFLAGS=''
OBJEXT='o'
PACKAGE='xplanet'
PACKAGE_BUGREPORT=''
PACKAGE_NAME='xplanet'
PACKAGE_STRING='xplanet 1.3.0'
PACKAGE_TARNAME='xplanet'
PACKAGE_URL=''
PACKAGE_VERSION='1.3.0'
PANGOFT2_CFLAGS='-I/usr/include/pango-1.0 -I/usr/include/libmount -I/usr/include/blkid -I/usr/include/fribidi -I/usr/include/cairo -I/usr/include/pixman-1 -I/usr/include/harfbuzz -I/usr/include/freetype2 -I/usr/include/libpng16 -I/usr/include/glib-2.0 -I/usr/lib/glib-2.0/include -I/usr/include/sysprof-6 -pthread'
PANGOFT2_LIBS='-lpangoft2-1.0 -lpango-1.0 -lfontconfig -lharfbuzz -lfreetype -lgobject-2.0 -lglib-2.0'
PATH_SEPARATOR=':'
PERL='/usr/bin/perl'
PKG_CONFIG='/usr/bin/pkg-config'
RANLIB='ranlib'
SET_MAKE=''
SHELL='/bin/sh'
STRIP=''
USE_AR_FALSE='#'
USE_AR_TRUE=''
VERSION='1.3.0'
XMKMF=''
XSS_LIBS='-lXss -lXext'
X_CFLAGS=''
X_EXTRA_LIBS=''
X_LIBS=' -lX11'
X_PRE_LIBS=' -lSM -lICE'
ac_ct_CC='gcc'
ac_ct_CXX='g++'
am__EXEEXT_FALSE=''
am__EXEEXT_TRUE='#'
am__fastdepCC_FALSE='#'
am__fastdepCC_TRUE=''
am__fastdepCXX_FALSE='#'
am__fastdepCXX_TRUE=''
am__fastdepOBJC_FALSE=''
am__fastdepOBJC_TRUE='#'
am__include='include'
am__isrc=''
am__leading_dot='.'
am__quote=''
am__tar='${AMTAR} chof - "$$tardir"'
am__untar='${AMTAR} xf -'
bindir='${exec_prefix}/bin'
build='x86_64-unknown-linux-gnu'
build_alias=''
build_cpu='x86_64'
build_os='linux-gnu'
build_vendor='unknown'
datadir='${datarootdir}'
datarootdir='${prefix}/share'
docdir='${datarootdir}/doc/${PACKAGE_TARNAME}'
dvidir='${docdir}'
exec_prefix='${prefix}'
host='x86_64-unknown-linux-gnu'
host_alias=''
host_cpu='x86_64'
host_os='linux-gnu'
host_vendor='unknown'
htmldir='${docdir}'
includedir='${prefix}/include'
infodir='${datarootdir}/info'
install_sh='${SHELL} /home/tim/Dev/C++/Astro/xplanet/xplanet-1.3.0/install-sh'
libdir='${exec_prefix}/lib'
libexecdir='${exec_prefix}/libexec'
localedir='${datarootdir}/locale'
localstatedir='${prefix}/var'
mandir='${datarootdir}/man'
mapext='jpg'
mkdir_p='/usr/bin/mkdir -p'
oldincludedir='/usr/include'
pdfdir='${docdir}'
prefix='/usr/local'
program_transform_name='s,x,x,'
psdir='${docdir}'
sbindir='${exec_prefix}/sbin'
separator='/'
sharedstatedir='${prefix}/com'
sysconfdir='${prefix}/etc'
target_alias=''
xplanet_ARFLAGS=''
xplanet_LDFLAGS=''

## ----------- ##
## confdefs.h. ##
## ----------- ##

/* confdefs.h */
#define PACKAGE_NAME "xplanet"
#define PACKAGE_TARNAME "xplanet"
#define PACKAGE_VERSION "1.3.0"
#define PACKAGE_STRING "xplanet 1.3.0"
#define PACKAGE_BUGREPORT ""
#define PACKAGE_URL ""
#define PACKAGE "xplanet"
#define VERSION "1.3.0"
#define HAVE_LIBX11 /**/
#define STDC_HEADERS 1
#define HAVE_SYS_TYPES_H 1
#define HAVE_SYS_STAT_H 1
#define HAVE_STDLIB_H 1
#define HAVE_STRING_H 1
#define HAVE_MEMORY_H 1
#define HAVE_STRINGS_H 1
#define HAVE_INTTYPES_H 1
#define HAVE_STDINT_H 1
#define HAVE_UNISTD_H 1
#define HAVE_X11_XLIB_H 1
#define HAVE_X11_EXTENSIONS_SCRNSAVER_H 1
#define HAVE_XSS /**/
#define HAVE_LIBPANGOFT2 /**/
#define HAVE_LIBGIF /**/
#define HAVE_LIBJPEG /**/
#define HAVE_LIBPNG /**/
#define HAVE_LIBTIFF /**/
#define HAVE_ICONV 1
#define ICONV_CONST 
#define HAVE_LANGINFO_H /**/
#define ICONV_CONST 
#define HAVE_UNSETENV 1
#define HAVE_TIMEGM 1

configure: exit 0
